nohup: ignoring input
Loaded 609 test queries from CSV.
Starting benchmark execution. Running sequentially to prevent SQLite contention...
Processed 50/609 queries...
Processed 100/609 queries...
Processed 150/609 queries...
Processed 200/609 queries...
Processed 250/609 queries...
Processed 300/609 queries...
Processed 350/609 queries...
Processed 400/609 queries...
Processed 450/609 queries...
Processed 500/609 queries...
Processed 550/609 queries...
Processed 600/609 queries...
Processed 609/609 queries...

==================================================
TECHNICAL BENCHMARK SUMMARY REPORT
==================================================
Total Test Queries (N):                   609
Unsuccessful Retrievals (Errors):         256 (42.04%)
Complete Failures (Incorrect Tool):       55 (9.03%)
Successful Tool Selection:                298 (48.93%)
--------------------------------------------------
Within Successful Tool Selections (N_correct = 298):
  Full Option Matches:                  74 (of total: 12.15%, of correct: 24.83%)
  Partial Option Matches:               151 (of total: 24.79%, of correct: 50.67%)
  No Option Matches:                    73 (of total: 11.99%, of correct: 24.50%)
  Average Option Recall Score:          50.17%
  Average FLAGS/DEST Symmetric Error:   1.67
==================================================
Detailed run log exported to: /home/sandbox-noadmin/RustroverProjects/command-finder/benchmark_results.csv

